09:02:01 **** Auto Build of configuration Debug for project tkllHTR ****
make pre-build main-build 
a9-linaro-pre-build-step
' '
'Building file: ../src/helloworld.c'
'Invoking: ARM v7 gcc compiler'
arm-none-eabi-gcc -Wall -O0 -g3 -c -fmessage-length=0 -MT"src/helloworld.o" -mcpu=cortex-a9 -mfpu=vfpv3 -mfloat-abi=hard -I../../tkllHTR_bsp/ps7_cortexa9_0/include -MMD -MP -MF"src/helloworld.d" -MT"src/helloworld.o" -o "src/helloworld.o" "../src/helloworld.c"
'Finished building: ../src/helloworld.c'
' '
'Building target: tkllHTR.elf'
'Invoking: ARM v7 gcc linker'
arm-none-eabi-gcc -mcpu=cortex-a9 -mfpu=vfpv3 -mfloat-abi=hard -Wl,-build-id=none -specs=Xilinx.spec -Wl,-T -Wl,../src/lscript.ld -L../../tkllHTR_bsp/ps7_cortexa9_0/lib -o "tkllHTR.elf"  ./src/helloworld.o ./src/platform.o   -Wl,--start-group,-lxil,-lgcc,-lc,--end-group
'Finished building target: tkllHTR.elf'
' '
'Invoking: ARM v7 Print Size'
arm-none-eabi-size tkllHTR.elf  |tee "tkllHTR.elf.size"
   text	   data	    bss	    dec	    hex	filename
  22308	   1144	  22568	  46020	   b3c4	tkllHTR.elf
'Finished building: tkllHTR.elf.size'
' '

09:02:02 Build Finished (took 879ms)

